// Jest Snapshot v1, https://goo.gl/fbAQLP

exports[`<TodoList /> renders initial state without crashing 1`] = `
<div
  className="container"
>
  <p
    className="textCenter header"
  >
    All Todos: 3
  </p>
  <Todo
    deleteTodo={[MockFunction]}
    key="testTodoId"
    todo={
      Object {
        "completed": false,
        "id": "testTodoId",
        "text": "Test todo text.",
      }
    }
    toggleTodoCompletion={[MockFunction]}
  />
  <Todo
    deleteTodo={[MockFunction]}
    key="SGcqcq0TbTPqvyWOMIKtZ"
    todo={
      Object {
        "completed": true,
        "id": "SGcqcq0TbTPqvyWOMIKtZ",
        "text": "Duis maximus lacinia pellentesque.",
      }
    }
    toggleTodoCompletion={[MockFunction]}
  />
  <Todo
    deleteTodo={[MockFunction]}
    key="AHdfoOWOYnObQQH4zWcdL"
    todo={
      Object {
        "completed": false,
        "id": "AHdfoOWOYnObQQH4zWcdL",
        "text": "Aenean molestie elit at dictum finibus. Vestibulum porttitor at lorem viverra accumsan.",
      }
    }
    toggleTodoCompletion={[MockFunction]}
  />
</div>
`;
